kotlin version: 2.2.10
error message: org.jetbrains.kotlin.util.FileAnalysisException: Somewhere in file D:/education/Android/app/src/main/java/com/example/phoneapplication/data/local/realm/PlantRealmRepository.kt: java.lang.NoSuchMethodError: 'org.jetbrains.kotlin.fir.types.ConeKotlinType org.jetbrains.kotlin.fir.types.FirResolvedTypeRef.getType()'
	at org.jetbrains.kotlin.util.AnalysisExceptionsKt.wrapIntoFileAnalysisExceptionIfNeeded(AnalysisExceptions.kt:62)
	at org.jetbrains.kotlin.fir.FirCliExceptionHandler.handleExceptionOnFileAnalysis(Utils.kt:257)
	at org.jetbrains.kotlin.fir.resolve.transformers.plugin.FirCompanionGenerationTransformer.transformFile(FirCompanionGenerationProcessor.kt:100)
	at org.jetbrains.kotlin.fir.resolve.transformers.plugin.FirCompanionGenerationTransformer.transformFile(FirCompanionGenerationProcessor.kt:37)
	at org.jetbrains.kotlin.fir.declarations.FirFile.transform(FirFile.kt:47)
	at org.jetbrains.kotlin.fir.resolve.transformers.FirTransformerBasedResolveProcessor.processFile(FirResolveProcessor.kt:48)
	at org.jetbrains.kotlin.fir.resolve.transformers.FirTotalResolveProcessor.process(FirTotalResolveProcessor.kt:36)
	at org.jetbrains.kotlin.fir.pipeline.AnalyseKt.runResolution(analyse.kt:24)
	at org.jetbrains.kotlin.fir.pipeline.FirUtilsKt.resolveAndCheckFir(firUtils.kt:76)
	at org.jetbrains.kotlin.cli.pipeline.jvm.JvmFrontendPipelinePhase.executePhase(JvmFrontendPipelinePhase.kt:174)
	at org.jetbrains.kotlin.cli.pipeline.jvm.JvmFrontendPipelinePhase.executePhase(JvmFrontendPipelinePhase.kt:56)
	at org.jetbrains.kotlin.cli.pipeline.PipelinePhase.phaseBody(PipelinePhase.kt:68)
	at org.jetbrains.kotlin.cli.pipeline.PipelinePhase.phaseBody(PipelinePhase.kt:58)
	at org.jetbrains.kotlin.config.phaser.NamedCompilerPhase.invoke(CompilerPhase.kt:102)
	at org.jetbrains.kotlin.backend.common.phaser.CompositePhase.invoke(PhaseBuilders.kt:22)
	at org.jetbrains.kotlin.config.phaser.CompilerPhaseKt.invokeToplevel(CompilerPhase.kt:53)
	at org.jetbrains.kotlin.cli.pipeline.AbstractCliPipeline.runPhasedPipeline(AbstractCliPipeline.kt:109)
	at org.jetbrains.kotlin.cli.pipeline.AbstractCliPipeline.execute(AbstractCliPipeline.kt:68)
	at org.jetbrains.kotlin.cli.jvm.K2JVMCompiler.doExecutePhased(K2JVMCompiler.kt:78)
	at org.jetbrains.kotlin.cli.jvm.K2JVMCompiler.doExecutePhased(K2JVMCompiler.kt:44)
	at org.jetbrains.kotlin.cli.common.CLICompiler.execImpl(CLICompiler.kt:90)
	at org.jetbrains.kotlin.cli.common.CLICompiler.exec(CLICompiler.kt:352)
	at org.jetbrains.kotlin.incremental.IncrementalJvmCompilerRunnerBase.runCompiler(IncrementalJvmCompilerRunnerBase.kt:175)
	at org.jetbrains.kotlin.incremental.IncrementalJvmCompilerRunnerBase.runCompiler(IncrementalJvmCompilerRunnerBase.kt:38)
	at org.jetbrains.kotlin.incremental.IncrementalCompilerRunner.doCompile(IncrementalCompilerRunner.kt:504)
	at org.jetbrains.kotlin.incremental.IncrementalCompilerRunner.compileImpl(IncrementalCompilerRunner.kt:421)
	at org.jetbrains.kotlin.incremental.IncrementalCompilerRunner.compileNonIncrementally(IncrementalCompilerRunner.kt:306)
	at org.jetbrains.kotlin.incremental.IncrementalCompilerRunner.compile(IncrementalCompilerRunner.kt:133)
	at org.jetbrains.kotlin.daemon.CompileServiceImplBase.execIncrementalCompiler(CompileServiceImpl.kt:679)
	at org.jetbrains.kotlin.daemon.CompileServiceImplBase.access$execIncrementalCompiler(CompileServiceImpl.kt:93)
	at org.jetbrains.kotlin.daemon.CompileServiceImpl.compile(CompileServiceImpl.kt:1806)
	at java.base/jdk.internal.reflect.DirectMethodHandleAccessor.invoke(Unknown Source)
	at java.base/java.lang.reflect.Method.invoke(Unknown Source)
	at java.rmi/sun.rmi.server.UnicastServerRef.dispatch(Unknown Source)
	at java.rmi/sun.rmi.transport.Transport.serviceCall(Unknown Source)
	at java.rmi/sun.rmi.transport.tcp.TCPTransport.handleMessages(Unknown Source)
	at java.rmi/sun.rmi.transport.tcp.TCPTransport$ConnectionHandler.run0(Unknown Source)
	at java.rmi/sun.rmi.transport.tcp.TCPTransport$ConnectionHandler.run(Unknown Source)
	at java.base/java.util.concurrent.ThreadPoolExecutor.runWorker(Unknown Source)
	at java.base/java.util.concurrent.ThreadPoolExecutor$Worker.run(Unknown Source)
	at java.base/java.lang.Thread.run(Unknown Source)
Caused by: java.lang.NoSuchMethodError: 'org.jetbrains.kotlin.fir.types.ConeKotlinType org.jetbrains.kotlin.fir.types.FirResolvedTypeRef.getType()'
	at io.realm.kotlin.compiler.IrUtilsKt.isBaseRealmObject(IrUtils.kt:229)
	at io.realm.kotlin.compiler.fir.model.CompanionExtension.getNestedClassifiersNames(CompanionExtension.kt:45)
	at org.jetbrains.kotlin.fir.scopes.impl.FirGeneratedMemberDeclarationsStorage.getClassifierStorage$providers(FirGeneratedScopes.kt:170)
	at org.jetbrains.kotlin.fir.scopes.impl.FirGeneratedClassNestedClassifierScope$Companion.create(FirGeneratedScopes.kt:126)
	at org.jetbrains.kotlin.fir.scopes.impl.FirDeclaredMemberScopeProvider.createNestedClassifierScope(FirDeclaredMemberScopeProvider.kt:126)
	at org.jetbrains.kotlin.fir.scopes.impl.FirDeclaredMemberScopeProvider.access$createNestedClassifierScope(FirDeclaredMemberScopeProvider.kt:40)
	at org.jetbrains.kotlin.fir.scopes.impl.FirDeclaredMemberScopeProvider$nestedClassifierCache$1.invoke(FirDeclaredMemberScopeProvider.kt:55)
	at org.jetbrains.kotlin.fir.scopes.impl.FirDeclaredMemberScopeProvider$nestedClassifierCache$1.invoke(FirDeclaredMemberScopeProvider.kt:51)
	at org.jetbrains.kotlin.fir.caches.FirThreadUnsafeCache.getValue(FirThreadUnsafeCachesFactory.kt:57)
	at org.jetbrains.kotlin.fir.scopes.impl.FirDeclaredMemberScopeProvider.nestedClassifierScope(FirDeclaredMemberScopeProvider.kt:188)
	at org.jetbrains.kotlin.fir.scopes.impl.FirDeclaredMemberScopeProviderKt.nestedClassifierScope(FirDeclaredMemberScopeProvider.kt:173)
	at org.jetbrains.kotlin.fir.extensions.FirExtensionDeclarationsSymbolProvider.generateClassLikeDeclaration(FirExtensionDeclarationsSymbolProvider.kt:107)
	at org.jetbrains.kotlin.fir.extensions.FirExtensionDeclarationsSymbolProvider.access$generateClassLikeDeclaration(FirExtensionDeclarationsSymbolProvider.kt:27)
	at org.jetbrains.kotlin.fir.extensions.FirExtensionDeclarationsSymbolProvider$classCache$1.invoke(FirExtensionDeclarationsSymbolProvider.kt:44)
	at org.jetbrains.kotlin.fir.extensions.FirExtensionDeclarationsSymbolProvider$classCache$1.invoke(FirExtensionDeclarationsSymbolProvider.kt:43)
	at org.jetbrains.kotlin.fir.caches.FirThreadUnsafeCache.getValue(FirThreadUnsafeCachesFactory.kt:57)
	at org.jetbrains.kotlin.fir.extensions.FirExtensionDeclarationsSymbolProvider.getClassLikeSymbolByClassId(FirExtensionDeclarationsSymbolProvider.kt:243)
	at org.jetbrains.kotlin.fir.extensions.FirSwitchableExtensionDeclarationsSymbolProvider.getClassLikeSymbolByClassId(FirSwitchableExtensionDeclarationsSymbolProvider.kt:62)
	at org.jetbrains.kotlin.fir.resolve.transformers.plugin.FirCompanionGenerationTransformer.generateCompanion(FirCompanionGenerationProcessor.kt:78)
	at org.jetbrains.kotlin.fir.resolve.transformers.plugin.FirCompanionGenerationTransformer.generateAndUpdateCompanion(FirCompanionGenerationProcessor.kt:59)
	at org.jetbrains.kotlin.fir.resolve.transformers.plugin.FirCompanionGenerationTransformer.transformRegularClass(FirCompanionGenerationProcessor.kt:54)
	at org.jetbrains.kotlin.fir.resolve.transformers.plugin.FirCompanionGenerationTransformer.transformRegularClass(FirCompanionGenerationProcessor.kt:37)
	at org.jetbrains.kotlin.fir.declarations.FirRegularClass.transform(FirRegularClass.kt:53)
	at org.jetbrains.kotlin.fir.visitors.FirTransformerUtilKt.transformInplace(FirTransformerUtil.kt:20)
	at org.jetbrains.kotlin.fir.declarations.impl.FirFileImpl.transformDeclarations(FirFileImpl.kt:81)
	at org.jetbrains.kotlin.fir.declarations.impl.FirFileImpl.transformDeclarations(FirFileImpl.kt:29)
	at org.jetbrains.kotlin.fir.resolve.transformers.plugin.FirCompanionGenerationTransformer.transformFile(FirCompanionGenerationProcessor.kt:49)
	... 38 more


